C51 COMPILER V9.01   SONG                                                                  11/21/2021 20:02:03 PAGE 1   


C51 COMPILER V9.01, COMPILATION OF MODULE SONG
OBJECT MODULE PLACED IN song.OBJ
COMPILER INVOKED BY: D:\51software\C51\BIN\C51.EXE song.c BROWSE DEBUG OBJECTEXTEND

line level    source

   1          #include<song.h>
   2          #include <reg52.h>
   3          #include <QX_A11.h>
   4          typedef unsigned char u8;
   5          typedef unsigned int u16;
   6          
   7          void delay(u16 i)
   8             {
   9   1          while(i--);
  10   1         }
  11          
  12          
  13          void C1(u16 m)
  14             {
  15   1          u16 i; 
  16   1          for(i=0;i<=m;i++)
  17   1              {
  18   2              beep=!beep;
  19   2              delay(96);
  20   2              }
  21   1         }
  22          void D1(u16 m)
  23             {
  24   1          u16 i; 
  25   1          for(i=0;i<=m;i++)
  26   1              {
  27   2              beep=!beep;
  28   2              delay(85);
  29   2              }
  30   1         }
  31          void E1(u16 m)
  32             {
  33   1          u16 i; 
  34   1          for(i=0;i<=m;i++)
  35   1              {
  36   2              beep=!beep;
  37   2              delay(76);
  38   2              }
  39   1         }
  40          void F1(u16 n)
  41             {
  42   1          u16 i; 
  43   1          for(i=0;i<=n;i++)
  44   1              {
  45   2              beep=!beep;
  46   2              delay(72);
  47   2              }
  48   1         }
  49          void G1(u16 m)
  50             {
  51   1          u16 i; 
  52   1          for(i=0;i<=m;i++)
  53   1              {
  54   2              beep=!beep;
  55   2              delay(64);
C51 COMPILER V9.01   SONG                                                                  11/21/2021 20:02:03 PAGE 2   

  56   2              }
  57   1         }
  58          void A1(u16 m)
  59             {
  60   1          u16 i; 
  61   1          for(i=0;i<=m;i++)
  62   1              {
  63   2              beep=!beep;
  64   2              delay(57);
  65   2              }
  66   1         }
  67          void B1(u16 m)
  68             {
  69   1          u16 i; 
  70   1          for(i=0;i<=m;i++)
  71   1              {
  72   2              beep=!beep;
  73   2              delay(51);
  74   2              }
  75   1         }
  76          void C2(u16 m)
  77             {
  78   1          u16 i; 
  79   1          for(i=0;i<=m;i++)
  80   1              {
  81   2              beep=!beep;
  82   2              delay(48);
  83   2              }
  84   1         }
  85          void D2(u16 m)
  86             {
  87   1          u16 i; 
  88   1          for(i=0;i<=m;i++)
  89   1              {
  90   2              beep=!beep;
  91   2              delay(43);
  92   2              }
  93   1         }
  94          void E2(u16 m)
  95             {
  96   1          u16 i; 
  97   1          for(i=0;i<=m;i++)
  98   1              {
  99   2              beep=!beep;
 100   2              delay(38);
 101   2              }
 102   1         }
 103          void F2(u16 m)
 104             {
 105   1          u16 i; 
 106   1          for(i=0;i<=m;i++)
 107   1              {
 108   2              beep=!beep;
 109   2              delay(36);
 110   2              }
 111   1         }
 112          void G2(u16 m)
 113             {
 114   1          u16 i; 
 115   1          for(i=0;i<=m;i++)
 116   1              {
 117   2              beep=!beep;
C51 COMPILER V9.01   SONG                                                                  11/21/2021 20:02:03 PAGE 3   

 118   2              delay(32);
 119   2              }
 120   1         }
 121          void A2(u16 m)
 122             {
 123   1          u16 i; 
 124   1          for(i=0;i<=m;i++)
 125   1              {
 126   2              beep=!beep;
 127   2              delay(28);
 128   2              }
 129   1         }
 130          void B2(u16 m)
 131             {
 132   1          u16 i; 
 133   1          for(i=0;i<=m;i++)
 134   1              {
 135   2              beep=!beep;
 136   2              delay(25);
 137   2              }
 138   1         }
 139          void C(u16 m)
 140             {
 141   1          u16 i; 
 142   1          for(i=0;i<=m;i++)
 143   1              {
 144   2              beep=!beep;
 145   2              delay(192);
 146   2              }
 147   1         } 
 148          void D(u16 m)
 149             {
 150   1          u16 i; 
 151   1          for(i=0;i<=m;i++)
 152   1              {
 153   2              beep=!beep;
 154   2              delay(170);
 155   2              }
 156   1         }
 157          void E(u16 m)
 158             {
 159   1          u16 i; 
 160   1          for(i=0;i<=m;i++)
 161   1              {
 162   2              beep=!beep;
 163   2              delay(152);
 164   2              }
 165   1         }
 166          void F(u16 m)
 167             {
 168   1          u16 i; 
 169   1          for(i=0;i<=m;i++)
 170   1              {
 171   2              beep=!beep;
 172   2              delay(143);
 173   2              }
 174   1         }
 175          void G(u16 m)
 176             {
 177   1          u16 i; 
 178   1          for(i=0;i<=m;i++)
 179   1              {
C51 COMPILER V9.01   SONG                                                                  11/21/2021 20:02:03 PAGE 4   

 180   2              beep=!beep;
 181   2              delay(128);
 182   2              }
 183   1         }
 184          void A(u16 m)
 185             {
 186   1          u16 i; 
 187   1          for(i=0;i<=m;i++)
 188   1              {
 189   2              beep=!beep;
 190   2              delay(114);
 191   2              }
 192   1         }
 193          void b(u16 m)
 194             {
 195   1          u16 i; 
 196   1          for(i=0;i<=m;i++)
 197   1              {
 198   2              beep=!beep;
 199   2              delay(102);
 200   2              }
 201   1         }
 202          void C0(u16 m)
 203             {
 204   1          u16 i; 
 205   1          for(i=0;i<=m;i++)
 206   1              {
 207   2              beep=!beep;
 208   2              delay(385);
 209   2              }
 210   1         }
 211          void D0(u16 m)
 212             {
 213   1          u16 i; 
 214   1          for(i=0;i<=m;i++)
 215   1              {
 216   2              beep=!beep;
 217   2              delay(340);
 218   2              }
 219   1         }
 220          void E0(u16 m)
 221             {
 222   1          u16 i; 
 223   1          for(i=0;i<=m;i++)
 224   1              {
 225   2              beep=!beep;
 226   2              delay(303);
 227   2              }
 228   1         }
 229          void f0(u16 m)
 230             {
 231   1          u16 i; 
 232   1          for(i=0;i<=m;i++)
 233   1              {
 234   2              beep=!beep;
 235   2              delay(286);
 236   2              }
 237   1         }
 238          void G0(u16 m)
 239             {
 240   1          u16 i; 
 241   1          for(i=0;i<=m;i++)
C51 COMPILER V9.01   SONG                                                                  11/21/2021 20:02:03 PAGE 5   

 242   1              {
 243   2              beep=!beep;
 244   2              delay(255);
 245   2              }
 246   1         }
 247          void A0(u16 m)
 248             {
 249   1          u16 i; 
 250   1          for(i=0;i<=m;i++)
 251   1              {
 252   2              beep=!beep;
 253   2              delay(227);
 254   2              }
 255   1         }
 256          void B0(u16 m)
 257             {
 258   1          u16 i; 
 259   1          for(i=0;i<=m;i++)
 260   1              {
 261   2              beep=!beep;
 262   2              delay(202);
 263   2              }
 264   1         }
 265          
 266          
 267          
 268          
 269          void music(void)
 270          {
 271   1            while(1)
 272   1                {
 273   2                      A1(500);
 274   2                          delay(2500);
 275   2                      G1(500);
 276   2                          delay(2500);
 277   2                      C2(1400);
 278   2                          delay(2500);
 279   2                      C2(1400);
 280   2                          delay(2500);
 281   2                      D2(1400);
 282   2                          delay(2500);
 283   2                      D2(1400);
 284   2                          delay(2500);
 285   2                      E2(1400);
 286   2                          delay(2500);
 287   2                      C2(1400);
 288   2                          delay(2500);
 289   2                      G1(1000);
 290   2      
 291   2                      
 292   2                      A1(500);
 293   2                          delay(2500);
 294   2                      G1(500);
 295   2                          delay(2500);
 296   2                      C2(1400);
 297   2                          delay(2500);
 298   2                      C2(1400);
 299   2                          delay(2500);
 300   2                      D2(1400);
 301   2                          delay(2500);
 302   2                      D2(1400);
 303   2                          delay(2500);
C51 COMPILER V9.01   SONG                                                                  11/21/2021 20:02:03 PAGE 6   

 304   2                      E2(1400);
 305   2                          delay(2500);
 306   2                      C2(2500);
 307   2                          delay(2500);
 308   2                 //
 309   2                      A1(500);
 310   2                          delay(2500);
 311   2                      G1(500);
 312   2                          delay(2500);
 313   2                      C2(1400);
 314   2                          delay(2500);
 315   2                      C2(1400);
 316   2                          delay(2500);
 317   2                      D2(1400);
 318   2                          delay(2500);
 319   2                      D2(1400);
 320   2                          delay(2500);
 321   2                      E2(1400);
 322   2                          delay(2500);
 323   2                      C2(1400);
 324   2                          delay(2500);
 325   2                      G1(1000);
 326   2      
 327   2                      A1(500);
 328   2                          delay(2500);
 329   2                      G1(500);
 330   2                          delay(2500);
 331   2                      C2(1400);
 332   2                          delay(2500);
 333   2                      C2(1400);
 334   2                          delay(2500);
 335   2                      D2(1400);
 336   2                          delay(2500);
 337   2                      C2(2500);
 338   2                          delay(50000);
 339   2      
 340   2      
 341   2      
 342   2                         
 343   2      
 344   2                      A1(500);
 345   2                          delay(2500);
 346   2                      G1(500);
 347   2                          delay(2500);
 348   2                      C2(1400);
 349   2                          delay(2500);
 350   2                      C2(1400);
 351   2                          delay(2500);
 352   2                      D2(1400);
 353   2                          delay(2500);
 354   2                      D2(1400);
 355   2                          delay(2500);
 356   2                      E2(1400);
 357   2                          delay(2500);
 358   2                      C2(1400);
 359   2                          delay(2500);
 360   2                      G1(1000);
 361   2      
 362   2                      
 363   2                      A1(500);
 364   2                          delay(2500);
 365   2                      G1(500);
C51 COMPILER V9.01   SONG                                                                  11/21/2021 20:02:03 PAGE 7   

 366   2                          delay(2500);
 367   2                      C2(1400);
 368   2                          delay(2500);
 369   2                      C2(1400);
 370   2                          delay(2500);
 371   2                      D2(1400);
 372   2                          delay(2500);
 373   2                      D2(1400);
 374   2                          delay(2500);
 375   2                      E2(1400);
 376   2                          delay(2500);
 377   2                      C2(2500);
 378   2                          delay(2500);
 379   2                 //
 380   2                      A1(500);
 381   2                          delay(2500);
 382   2                      G1(500);
 383   2                          delay(2500);
 384   2                      C2(1400);
 385   2                          delay(2500);
 386   2                      C2(1400);
 387   2                          delay(2500);
 388   2                      D2(1400);
 389   2                          delay(2500);
 390   2                      D2(1400);
 391   2                          delay(2500);
 392   2                      E2(1400);
 393   2                          delay(2500);
 394   2                      C2(1400);
 395   2                          delay(2500);
 396   2                      G1(1000);
 397   2      
 398   2                      A1(500);
 399   2                          delay(2500);
 400   2                      G1(500);
 401   2                          delay(2500);
 402   2                      C2(1400);
 403   2                          delay(2500);
 404   2                      C2(1400);
 405   2                          delay(2500);
 406   2                      D2(1400);
 407   2                          delay(2500);
 408   2                      C2(2500);
 409   2                          delay(50000);
 410   2                      F2(1000);
 411   2                      E2(1000);
 412   2                      C2(1000);
 413   2                      A1(1200);
 414   2                      C2(1000);
 415   2                      D2(1000);
 416   2                      A1(1000);
 417   2                         delay(1500);
 418   2                      C2(1000);
 419   2                      G1(1000);
 420   2                      A1(1000);
 421   2                      C2(1400);
 422   2                      F2(1000);
 423   2                      E2(1000);
 424   2                      C2(1000);
 425   2                      A1(1200);
 426   2                      C2(1000);
 427   2                      D2(1000);
C51 COMPILER V9.01   SONG                                                                  11/21/2021 20:02:03 PAGE 8   

 428   2                      A1(1000);
 429   2                      C2(3500);
 430   2                         delay(2500);
 431   2      
 432   2      
 433   2                      F2(1000);
 434   2                      E2(1000);
 435   2                      C2(1000);
 436   2                      A1(1200);
 437   2                      C2(1000);
 438   2                      D2(1000);
 439   2                      A1(1000);
 440   2                      C2(1000);
 441   2                      G1(1000);
 442   2                      A1(1000);
 443   2                      C2(1000);
 444   2                      G1(1000);
 445   2                      C2(1000);
 446   2                      D1(1300);
 447   2      
 448   2                }
 449   1      }


MODULE INFORMATION:   STATIC OVERLAYABLE
   CODE SIZE        =   1396    ----
   CONSTANT SIZE    =   ----    ----
   XDATA SIZE       =   ----    ----
   PDATA SIZE       =   ----    ----
   DATA SIZE        =   ----    ----
   IDATA SIZE       =   ----    ----
   BIT SIZE         =   ----    ----
END OF MODULE INFORMATION.


C51 COMPILATION COMPLETE.  0 WARNING(S),  0 ERROR(S)
